<?xml version="1.0" encoding="utf-8"?><testsuites><testsuite name="pytest" errors="0" failures="0" skipped="0" tests="0" time="0.023" timestamp="2025-03-11T11:37:32.746450+00:00" hostname="LAPTOP-UDEP22GT" /></testsuites>